npx : FAIL src/__tests__/api/establishment/upload.test.ts
No linha:1 caractere:1
+ npx jest --verbose --no-cache src/__tests__/api/establishment/upload. ...
+ ~~~~~~~~~~~~~~~~~~~~~~~~~~~~~~~~~~~~~~~~~~~~~~~~~~~~~~~~~~~~~~~~~~~~~
    + CategoryInfo          : NotSpecified: (FAIL src/__test.../upload.test.ts:String) [], RemoteException
    + FullyQualifiedErrorId : NativeCommandError
 
  ÔùÅ Test suite failed to run

    Cannot find module 'formdata-node' from 'jest.setup.js'

    [0m [90m 1 |[39m require([32m'@testing-library/jest-dom'[39m)
    [31m[1m>[22m[39m[90m 2 |[39m [36mconst[39m { [33mFormData[39m[33m,[39m [33mFile[39m[33m,[39m 
[33mBlob[39m } [33m=[39m require([32m'formdata-node'[39m)
     [90m   |[39m                                  [31m[1m^[22m[39m
     [90m 3 |[39m [36mconst[39m { [33mTextEncoder[39m[33m,[39m [33mTextDecoder[39m } [33m=[39m 
require([32m'util'[39m)
     [90m 4 |[39m
     [90m 5 |[39m [90m// Web APIs polyfills[39m[0m

      at Resolver._throwModNotFoundError (node_modules/jest-resolve/build/resolver.js:427:11)
      at Object.require (jest.setup.js:2:34)

Test Suites: 1 failed, 1 total
Tests:       0 total
Snapshots:   0 total
Time:        0.957 s
Ran all test suites matching /src\\__tests__\\api\\establishment\\upload.test.ts/i.
